{
  "type": "phpcomposer",
  "name": "integration-hub",
  "version": null,
  "primary_language": "PHP",
  "packaging": null,
  "summary": null,
  "description": null,
  "payload_type": null,
  "size": null,
  "release_date": null,
  "authors": [],
  "maintainers": [],
  "contributors": [],
  "owners": [],
  "packagers": [],
  "distributors": [],
  "vendors": [],
  "keywords": [],
  "keywords_doc_url": null,
  "metafile_locations": [
    "composer.json"
  ],
  "metafile_urls": [],
  "homepage_url": null,
  "notes": null,
  "download_urls": null,
  "download_sha1": null,
  "download_sha256": null,
  "download_md5": null,
  "bug_tracking_url": null,
  "support_contacts": [],
  "code_view_url": null,
  "vcs_tool": "git",
  "vcs_repository": "https://github.com/somegroup/Symfony3-custom",
  "vcs_revision": null,
  "copyright_top_level": null,
  "copyrights": [],
  "asserted_licenses": [
    {
      "license": "proprietary",
      "url": null,
      "text": null,
      "notice": null
    }
  ],
  "legal_file_locations": [],
  "license_expression": null,
  "license_texts": [],
  "notice_texts": [],
  "dependencies": {
    "development": [
      {
        "name": "sensio/generator-bundle",
        "version": null,
        "version_constraint": "^3.0"
      },
      {
        "name": "symfony/phpunit-bridge",
        "version": null,
        "version_constraint": "^3.2"
      }
    ],
    "runtime": [
      {
        "name": "php",
        "version": null,
        "version_constraint": "7.1.*"
      },
      {
        "name": "symfony/symfony",
        "version": null,
        "version_constraint": "3.2.*"
      },
      {
        "name": "sensio/distribution-bundle",
        "version": null,
        "version_constraint": "^5.0"
      },
      {
        "name": "doctrine/orm",
        "version": null,
        "version_constraint": "^2.5"
      },
      {
        "name": "doctrine/doctrine-bundle",
        "version": null,
        "version_constraint": "^1.6"
      },
      {
        "name": "doctrine/doctrine-cache-bundle",
        "version": null,
        "version_constraint": "^1.2"
      },
      {
        "name": "symfony/swiftmailer-bundle",
        "version": null,
        "version_constraint": "^2.3.10"
      },
      {
        "name": "symfony/monolog-bundle",
        "version": null,
        "version_constraint": "^3.0.2"
      },
      {
        "name": "symfony/polyfill-apcu",
        "version": null,
        "version_constraint": "^1.0"
      },
      {
        "name": "sensio/framework-extra-bundle",
        "version": null,
        "version_constraint": "^3.0.2"
      },
      {
        "name": "incenteev/composer-parameter-handler",
        "version": null,
        "version_constraint": "^2.0"
      },
      {
        "name": "twig/twig",
        "version": null,
        "version_constraint": "^1.0||^2.0"
      },
      {
        "name": "doctrine/doctrine-migrations-bundle",
        "version": null,
        "version_constraint": "^1.0"
      },
      {
        "name": "greenlion/php-sql-parser",
        "version": null,
        "version_constraint": "^4.1"
      },
      {
        "name": "eightpoints/guzzle-bundle",
        "version": null,
        "version_constraint": "^5.3"
      },
      {
        "name": "jms/serializer-bundle",
        "version": null,
        "version_constraint": "^1.1"
      },
      {
        "name": "friendsofsymfony/rest-bundle",
        "version": null,
        "version_constraint": "^2.1"
      },
      {
        "name": "nelmio/api-doc-bundle",
        "version": null,
        "version_constraint": "^2.13"
      },
      {
        "name": "snc/redis-bundle",
        "version": null,
        "version_constraint": "^2.0"
      },
      {
        "name": "predis/predis",
        "version": null,
        "version_constraint": "^1.0"
      },
      {
        "name": "paragonie/halite",
        "version": null,
        "version_constraint": "^3.2"
      },
      {
        "name": "knplabs/knp-paginator-bundle",
        "version": null,
        "version_constraint": "^2.5"
      },
      {
        "name": "egeloen/base64-file-bundle",
        "version": null,
        "version_constraint": "^1.0"
      },
      {
        "name": "liip/imagine-bundle",
        "version": null,
        "version_constraint": "^1.7"
      },
      {
        "name": "sonata-project/admin-bundle",
        "version": null,
        "version_constraint": "^3.17"
      },
      {
        "name": "sonata-project/doctrine-orm-admin-bundle",
        "version": null,
        "version_constraint": "^3.1"
      },
      {
        "name": "doctrine/doctrine-fixtures-bundle",
        "version": null,
        "version_constraint": "^2.3"
      },
      {
        "name": "php-amqplib/rabbitmq-bundle",
        "version": null,
        "version_constraint": "^1.12"
      },
      {
        "name": "mtdowling/cron-expression",
        "version": null,
        "version_constraint": "^1.2"
      }
    ]
  },
  "related_packages": []
}