{
  "type": "npm",
  "name": "npm2aur",
  "version": "0.1.3",
  "primary_language": "JavaScript",
  "packaging": null,
  "summary": "Sync AUR with NPM packages",
  "description": null,
  "payload_type": null,
  "size": null,
  "release_date": null,
  "authors": [
    {
      "type": "person",
      "name": "Filirom1",
      "email": "filirom1@gmail.com",
      "url": null
    }
  ],
  "maintainers": [],
  "contributors": [],
  "owners": [],
  "packagers": [],
  "distributors": [],
  "vendors": [],
  "keywords": [],
  "keywords_doc_url": null,
  "metafile_locations": [
    "package"
  ],
  "metafile_urls": [],
  "homepage_url": null,
  "notes": null,
  "download_urls": "https://registry.npmjs.org/npm2aur/-/npm2aur-0.1.3.tgz",
  "download_sha1": null,
  "download_sha256": null,
  "download_md5": null,
  "bug_tracking_url": null,
  "support_contacts": [],
  "code_view_url": null,
  "vcs_tool": "git",
  "vcs_repository": "https://github.com/Filirom1/npm2aur.git",
  "vcs_revision": null,
  "copyright_top_level": null,
  "copyrights": [],
  "asserted_licenses": [
    {
      "license": "MIT",
      "url": "http://www.opensource.org/licenses/MIT",
      "text": null,
      "notice": null
    }
  ],
  "legal_file_locations": [],
  "license_expression": null,
  "license_texts": [],
  "notice_texts": [],
  "dependencies": {
    "runtime": [
      {
        "name": "optimist",
        "version": null,
        "version_constraint": "0.2.x"
      },
      {
        "name": "colors",
        "version": null,
        "version_constraint": "0.5.x"
      },
      {
        "name": "coffee-script",
        "version": null,
        "version_constraint": "~1.3.3"
      },
      {
        "name": "underscore",
        "version": null,
        "version_constraint": "~1.3.3"
      },
      {
        "name": "npm",
        "version": null,
        "version_constraint": "~1.1.32"
      },
      {
        "name": "npm2arch",
        "version": null,
        "version_constraint": "~0.1.10"
      },
      {
        "name": "aur",
        "version": null,
        "version_constraint": "~0.1.2"
      }
    ]
  },
  "related_packages": []
}